Starting API Tests...
Γ£à [OK] Init Admin
Γ£à [OK] Login
Γ£à [OK] Create Jadwal Rapat
Γ£à [OK] Get Jadwal Rapat List
Γ£à [OK] Get Active Jadwal Rapat
Γ£à [OK] Update Jadwal Rapat
Γ£à [OK] Generate QR Code
Γ£à [OK] Get QR List
Γ¥î [FAILED] Get Specific QR
   Response: { success: false, message: 'QR Code ini sudah kedaluwarsa.' }
Γ¥î [FAILED] Create Absensi
   Response: {
  success: false,
  message: 'Kegiatan ini sudah berakhir. Sesi presensi telah ditutup.'
}
Γ¥î [FAILED] Get Absensi Check Endpoint (Not JSON)
<!DOCTYPE html>
<html lang="en">
<head>
<meta charset="utf-8">
<title>Error</title>
</head>
<body>
<
Γ¥î [FAILED] Create Notulensi
   Response: { success: false, message: 'Gagal menyimpan notulensi' }
Γ£à [OK] Get Notulensi List
Γ¥î [FAILED] Create Undangan
   Response: { success: false, message: 'Gagal menyimpan undangan' }
Γ£à [OK] Get Undangan List
\n--- CLEANUP ---
Γ£à [OK] Cleanup Jadwal Rapat
Γ£à End of Testing!
